
———————————   Шаг 1   ———————————

🟢 reasoning: В Фазе 1 обязательно заполнить first_url. Самый надёжный способ — прочитать текущий URL из Playwright и затем записать его в result.
🔵 target: Зафиксировать текущий URL первой страницы в result.first_url
🟡 action: get_current_url


🛠️  get_current_url({})
Инструмент вернул результат: {"status": "ok", "url": "https://makitaclub.ru/"}

———————————   Шаг 2   ———————————

🟢 reasoning: В Фазе 1 поле first_url обязательно. В истории уже получен текущий URL через get_current_url, поэтому фиксирую его в result.
🔵 target: Записать текущий URL первой страницы в result.first_url
🟡 action: update_result
   🔶 args: {"field": "first_url", "value": "https://makitaclub.ru/"}

🛠️  update_result({'field': 'first_url', 'value': 'https://makitaclub.ru/'})
Инструмент вернул результат: {"status": "ok", "result": {"first_url": "https://makitaclub.ru/", "used_seletor_search_input": null, "used_seletor_search_button": null, "used_search_request": null, "second_html": null}, "updated": 1}

———————————   Шаг 3   ———————————

🟢 reasoning: В Фазе 1 нужно определить рабочий селектор поля ввода поиска (used_seletor_search_input). Начинаю с первого селектора из input_data и проверяю, находит ли он элемент на странице.
🔵 target: Проверить, что первый селектор поля поиска (#woocommerce-product-search-field-0) существует на текущей странице
🟡 action: find_elements
   🔶 args: {"selector": "#woocommerce-product-search-field-0", "only_count": false, "max_results": 3}

🛠️  find_elements({'selector': '#woocommerce-product-search-field-0', 'only_count': False, 'max_results': 3})
Инструмент вернул результат: {"status": "ok", "count": 1, "elements": [{"index": 0, "text": "", "html": "", "href": null, "attrs": {"type": "search", "id": "woocommerce-product-search-field-0", "class": "search-field", "placeholder": "Поиск по товарам…", "value": "", "name": "s", "style": ""}}]}

———————————   Шаг 4   ———————————

🟢 reasoning: В Фазе 1 нужно определить рабочий селектор поля ввода. Элемент по селектору #woocommerce-product-search-field-0 уже найден (count=1). Следующий шаг — посмотреть окружающий HTML, чтобы подтвердить, что это действительно поле поиска (форма woocommerce-product-search, placeholder и т.п.), после чего можно фиксировать селектор в result и переходить к фокусу/вводу текста.
🔵 target: Получить HTML-фрейм вокруг найденного поля поиска #woocommerce-product-search-field-0 и убедиться, что это поле для ввода поискового запроса
🟡 action: get_html_frame_on_current_page
   🔶 args: {"selector": "#woocommerce-product-search-field-0", "max_frame_chars": 2000, "ancestor_levels": 5, "sibling_elems": 2}

🛠️  get_html_frame_on_current_page({'selector': '#woocommerce-product-search-field-0', 'max_frame_chars': 2000, 'ancestor_levels': 5, 'sibling_elems': 2})
Инструмент вернул результат: "<!--TRIMMED_OUTSIDE_CONTAINER_BEFORE: 163 NODES--><div class=\"storefront-primary-navigation\"><div class=\"container align-items-center container d-flex justify-content-between\"><!--TRIMMED_BEFORE 3 NODES--><div class=\"site-search\"><div class=\"widget woocommerce widget_product_search\"><form role=\"search\" class=\"woocommerce-product-search\"><label class=\"screen-reader-text\">Искать:</label><!--TARGET_START--><input id=\"woocommerce-product-search-field-0\" class=\"search-field\"><!--TARGET_END--><button>Найти</button><input></form></div></div></div></div><!--TRIMMED_OUTSIDE_CONTAINER_AFTER: 1112 NODES-->"

———————————   Шаг 5   ———————————

🟢 reasoning: HTML-фрейм показывает, что элемент #woocommerce-product-search-field-0 находится внутри формы role="search" с классом woocommerce-product-search и рядом кнопка "Найти", значит это корректное поле ввода поиска. Фиксирую этот селектор как рабочий для Фазы 1.
🔵 target: Зафиксировать рабочий селектор поля поиска в result.used_seletor_search_input
🟡 action: update_result
   🔶 args: {"field": "used_seletor_search_input", "value": "#woocommerce-product-search-field-0"}

🛠️  update_result({'field': 'used_seletor_search_input', 'value': '#woocommerce-product-search-field-0'})
Инструмент вернул результат: {"status": "ok", "result": {"first_url": "https://makitaclub.ru/", "used_seletor_search_input": "#woocommerce-product-search-field-0", "used_seletor_search_button": null, "used_search_request": null, "second_html": null}, "updated": 1}

———————————   Шаг 6   ———————————

🟢 reasoning: В Фазе 1 осталось заполнить used_search_request. Для этого сначала нужно надёжно сфокусироваться на уже проверенном и зафиксированном поле поиска, чтобы затем выполнить ввод текста.
🔵 target: Сфокусироваться на поле ввода поиска, чтобы затем ввести запрос из semantics
🟡 action: smart_focus
   🔶 args: {"selector": "#woocommerce-product-search-field-0", "timeout": 1000}

🛠️  smart_focus({'selector': '#woocommerce-product-search-field-0', 'timeout': 1000})
Инструмент вернул результат: {"status": "ok", "selector": "#woocommerce-product-search-field-0", "attempts": 1}

———————————   Шаг 7   ———————————

🟢 reasoning: В Фазе 1 осталось заполнить used_search_request. Поле поиска уже найдено и сфокусировано, поэтому следующий атомарный шаг — ввести первый запрос из semantics в это поле через human_like_input.
🔵 target: Ввести поисковый запрос из semantics ("дрель") в поле поиска #woocommerce-product-search-field-0
🟡 action: human_like_input
   🔶 args: {"selector": "#woocommerce-product-search-field-0", "text": "дрель", "delay_ms": 80}

🛠️  human_like_input({'selector': '#woocommerce-product-search-field-0', 'text': 'дрель', 'delay_ms': 80})
Инструмент вернул результат: {"status": "ok", "selector": "#woocommerce-product-search-field-0", "text_len": 5}

———————————   Шаг 8   ———————————

🟢 reasoning: В Фазе 1 обязательное поле used_search_request ещё не заполнено. Запрос из semantics уже введён в поле поиска (#woocommerce-product-search-field-0), поэтому фиксирую значение "дрель" в result.
🔵 target: Зафиксировать использованный поисковый запрос (дрель) в result.used_search_request для завершения Фазы 1
🟡 action: update_result
   🔶 args: {"field": "used_search_request", "value": "дрель"}

🛠️  update_result({'field': 'used_search_request', 'value': 'дрель'})
Инструмент вернул результат: {"status": "ok", "result": {"first_url": "https://makitaclub.ru/", "used_seletor_search_input": "#woocommerce-product-search-field-0", "used_seletor_search_button": null, "used_search_request": "дрель", "second_html": null}, "updated": 1}

———————————   Шаг 9   ———————————

🟢 reasoning: Цель текущей фазы — получить URL страницы результатов поиска и записать его в result.second_html. Поле поиска уже сфокусировано и в него введён запрос "дрель", поэтому следующий шаг по алгоритму — нажать Enter для запуска поиска.
🔵 target: Запустить поиск нажатием Enter в поле ввода и инициировать переход на страницу результатов
🟡 action: press_enter


🛠️  press_enter({})
Инструмент вернул результат: {"status": "ok"}

———————————   Шаг 10   ———————————

🟢 reasoning: Фаза 2 требует заполнить second_html (URL страницы после запуска поиска). Enter уже нажат, поэтому по алгоритму нужно дождаться редиректа или существенного изменения контента относительно first_url.
🔵 target: Дождаться перехода/изменения контента после нажатия Enter и получить новый URL страницы результатов
🟡 action: wait_for_navigation_or_content
   🔶 args: {"old_url": "https://makitaclub.ru/", "timeout": 15000, "change_threshold": 0.2}

🛠️  wait_for_navigation_or_content({'old_url': 'https://makitaclub.ru/', 'timeout': 15000, 'change_threshold': 0.2})
Инструмент вернул результат: {"status": "ok", "reason": "url_changed", "new_url": "https://makitaclub.ru/?s=%D0%B4%D1%80%D0%B5%D0%BB%D1%8C&post_type=product", "change_fraction": null}

———————————   Шаг 11   ———————————

