
———————————   Шаг 1   ———————————

🟢 reasoning: В фазе 1 обязательно заполнить first_url, поэтому первым шагом получаю текущий URL страницы в Playwright.
🔵 target: Зафиксировать текущий URL стартовой страницы в result.first_url
🟡 action: get_current_url


🛠️  get_current_url({})
Инструмент вернул результат: {"status": "ok", "url": "https://makitaclub.ru/"}

———————————   Шаг 2   ———————————

🟢 reasoning: В фазе 1 нужно заполнить first_url; URL уже получен инструментом get_current_url, поэтому фиксирую его в result.
🔵 target: Записать текущий URL стартовой страницы в result.first_url
🟡 action: update_result
   🔶 args: {"field": "first_url", "value": "https://makitaclub.ru/"}

🛠️  update_result({'field': 'first_url', 'value': 'https://makitaclub.ru/'})
Инструмент вернул результат: {"status": "ok", "result": {"first_url": "https://makitaclub.ru/", "used_seletor_search_input": null, "used_seletor_search_button": null, "used_search_request": null, "second_html": null}, "updated": 1}

———————————   Шаг 3   ———————————

🟢 reasoning: Для выполнения фазы 1 нужно выбрать рабочий селектор поля ввода поиска. Начинаю с первого селектора из search_input_selectors и проверяю, что он действительно находит поле на текущей странице.
🔵 target: Проверить, что первый селектор поля поиска на странице даёт результат (найти элементы input по селектору)
🟡 action: find_elements
   🔶 args: {"selector": "form.woocommerce-product-search input#woocommerce-product-search-field-0", "only_count": false, "max_results": 5}

🛠️  find_elements({'selector': 'form.woocommerce-product-search input#woocommerce-product-search-field-0', 'only_count': False, 'max_results': 5})
Инструмент вернул результат: {"status": "ok", "count": 1, "elements": [{"index": 0, "text": "", "html": "", "href": null, "attrs": {"type": "search", "id": "woocommerce-product-search-field-0", "class": "search-field", "placeholder": "Поиск по товарам…", "value": "", "name": "s", "style": ""}}]}

———————————   Шаг 4   ———————————

