
———————————   Шаг 1   ———————————

🟢 reasoning: Для завершения фазы 1 нужно заполнить first_url. Самый надёжный способ — запросить текущий URL у Playwright и затем записать его в result.
🔵 target: Зафиксировать текущий URL главной страницы в поле first_url
🟡 action: get_current_url


🛠️  get_current_url({})
Инструмент вернул результат: {"status": "ok", "url": "https://makitaclub.ru/"}

———————————   Шаг 2   ———————————

🟢 reasoning: Для завершения фазы 1 нужно заполнить поле first_url. В истории уже получен текущий URL через get_current_url, поэтому фиксируем его в result.
🔵 target: Записать текущий URL главной страницы в result.first_url
🟡 action: update_result
   🔶 args: {"field": "first_url", "value": "https://makitaclub.ru/"}

🛠️  update_result({'field': 'first_url', 'value': 'https://makitaclub.ru/'})
Инструмент вернул результат: {"status": "ok", "result": {"first_url": "https://makitaclub.ru/", "used_seletor_search_input": null, "used_seletor_search_button": null, "used_search_request": null, "second_html": null}, "updated": 1}

———————————   Шаг 3   ———————————

🟢 reasoning: Для завершения фазы 1 нужно определить рабочий селектор поля ввода поиска (used_seletor_search_input). Начинаю с первого селектора из input_data и проверяю, что он реально находит элемент на текущей странице.
🔵 target: Проверить, что первый селектор поля поиска на странице действительно находится и возвращает элемент
🟡 action: find_elements
   🔶 args: {"selector": "form.woocommerce-product-search input#woocommerce-product-search-field-0", "only_count": false, "max_results": 3}

🛠️  find_elements({'selector': 'form.woocommerce-product-search input#woocommerce-product-search-field-0', 'only_count': False, 'max_results': 3})
Инструмент вернул результат: {"status": "ok", "count": 1, "elements": [{"index": 0, "text": "", "html": "", "href": null, "attrs": {"type": "search", "id": "woocommerce-product-search-field-0", "class": "search-field", "placeholder": "Поиск по товарам…", "value": "", "name": "s", "style": ""}}]}

———————————   Шаг 4   ———————————

🟢 reasoning: В фазе 1 нужно определить рабочий селектор поля ввода поиска. Селектор уже даёт 1 элемент; теперь нужно извлечь окружающий HTML и убедиться по контексту (form поиска/placeholder), что это действительно поле поиска, прежде чем фиксировать used_seletor_search_input и вводить запрос.
🔵 target: Получить html-фрейм вокруг найденного поля поиска, чтобы подтвердить что это нужный input
🟡 action: get_html_frame_on_current_page
   🔶 args: {"selector": "form.woocommerce-product-search input#woocommerce-product-search-field-0", "max_frame_chars": 2000, "ancestor_levels": 4, "sibling_elems": 3}

🛠️  get_html_frame_on_current_page({'selector': 'form.woocommerce-product-search input#woocommerce-product-search-field-0', 'max_frame_chars': 2000, 'ancestor_levels': 4, 'sibling_elems': 3})
Инструмент вернул результат: "<!--TRIMMED_OUTSIDE_CONTAINER_BEFORE: 163 NODES--><div class=\"container align-items-center container d-flex justify-content-between\"><!--TRIMMED_BEFORE 3 NODES--><div class=\"site-search\"><div class=\"widget woocommerce widget_product_search\"><form role=\"search\" class=\"woocommerce-product-search\"><label class=\"screen-reader-text\">Искать:</label><!--TARGET_START--><input id=\"woocommerce-product-search-field-0\" class=\"search-field\"><!--TARGET_END--><button>Найти</button><input></form></div></div></div><!--TRIMMED_OUTSIDE_CONTAINER_AFTER: 1112 NODES-->"

———————————   Шаг 5   ———————————

🟢 reasoning: HTML-фрейм показывает, что input находится внутри form role="search" класса woocommerce-product-search, рядом с label "Искать:" и кнопкой "Найти", а также атрибуты input (type=search, name=s, placeholder) подтверждают, что это поле поиска. Значит селектор рабочий и его нужно сохранить для завершения фазы 1.
🔵 target: Зафиксировать рабочий селектор поля ввода поиска (подтверждённый html-контекстом) в result.used_seletor_search_input
🟡 action: update_result
   🔶 args: {"field": "used_seletor_search_input", "value": "form.woocommerce-product-search input#woocommerce-product-search-field-0"}

🛠️  update_result({'field': 'used_seletor_search_input', 'value': 'form.woocommerce-product-search input#woocommerce-product-search-field-0'})
Инструмент вернул результат: {"status": "ok", "result": {"first_url": "https://makitaclub.ru/", "used_seletor_search_input": "form.woocommerce-product-search input#woocommerce-product-search-field-0", "used_seletor_search_button": null, "used_search_request": null, "second_html": null}, "updated": 1}

———————————   Шаг 6   ———————————

🟢 reasoning: Для завершения текущей фазы нужно заполнить used_search_request. По инструкции выбираю первый элемент из semantics ("дрель") и фиксирую его в result, после чего можно будет переходить к фокусу и вводу текста в поле поиска.
🔵 target: Выбрать поисковый запрос из semantics и зафиксировать его в result.used_search_request
🟡 action: update_result
   🔶 args: {"field": "used_search_request", "value": "дрель"}

🛠️  update_result({'field': 'used_search_request', 'value': 'дрель'})
Инструмент вернул результат: {"status": "ok", "result": {"first_url": "https://makitaclub.ru/", "used_seletor_search_input": "form.woocommerce-product-search input#woocommerce-product-search-field-0", "used_seletor_search_button": null, "used_search_request": "дрель", "second_html": null}, "updated": 1}

———————————   Шаг 7   ———————————

🟢 reasoning: Для запуска поиска в текущей фазе сначала нужно надежно активировать (сфокусировать) поле ввода, чтобы последующий ввод текста и отправка (Enter) сработали корректно.
🔵 target: Сфокусироваться на найденном поле поиска перед вводом запроса
🟡 action: smart_focus
   🔶 args: {"selector": "form.woocommerce-product-search input#woocommerce-product-search-field-0", "timeout": 1000}

🛠️  smart_focus({'selector': 'form.woocommerce-product-search input#woocommerce-product-search-field-0', 'timeout': 1000})
Инструмент вернул результат: {"status": "ok", "selector": "form.woocommerce-product-search input#woocommerce-product-search-field-0", "attempts": 1}

———————————   Шаг 8   ———————————

🟢 reasoning: Для выполнения цели фазы 2 нужно запустить поиск и зафиксировать URL страницы после перехода (second_html). Сейчас поле поиска уже найдено и сфокусировано, поэтому следующий шаг — ввести сохранённый поисковый запрос ("дрель") в это поле, после чего можно будет отправить форму Enter и ждать навигацию.
🔵 target: Ввести поисковый запрос в поле поиска перед запуском поиска
🟡 action: human_like_input
   🔶 args: {"selector": "form.woocommerce-product-search input#woocommerce-product-search-field-0", "text": "дрель", "delay_ms": 80}

🛠️  human_like_input({'selector': 'form.woocommerce-product-search input#woocommerce-product-search-field-0', 'text': 'дрель', 'delay_ms': 80})
Инструмент вернул результат: {"status": "ok", "selector": "form.woocommerce-product-search input#woocommerce-product-search-field-0", "text_len": 5}

———————————   Шаг 9   ———————————

🟢 reasoning: В текущей фазе нужно запустить поиск и затем зафиксировать URL страницы после перехода (second_html). Поле поиска уже сфокусировано и заполнено запросом, следующий шаг по алгоритму — нажать Enter для отправки формы.
🔵 target: Отправить поисковую форму нажатием Enter после ввода запроса
🟡 action: press_enter


🛠️  press_enter({})
Инструмент вернул результат: {"status": "ok"}

———————————   Шаг 10   ———————————

🟢 reasoning: В фазе 2 требуется заполнить second_html — URL страницы после запуска поиска. Enter уже был нажат, следующий шаг по алгоритму — подождать навигацию/существенное изменение контента относительно first_url.
🔵 target: Дождаться смены URL или контента после отправки поиска клавишей Enter, чтобы зафиксировать URL результатов в second_html
🟡 action: wait_for_navigation_or_content
   🔶 args: {"old_url": "https://makitaclub.ru/", "timeout": 15000, "change_threshold": 0.2}

🛠️  wait_for_navigation_or_content({'old_url': 'https://makitaclub.ru/', 'timeout': 15000, 'change_threshold': 0.2})
Инструмент вернул результат: {"status": "ok", "reason": "url_changed", "new_url": "https://makitaclub.ru/?s=%D0%B4%D1%80%D0%B5%D0%BB%D1%8C&post_type=product", "change_fraction": null}

———————————   Шаг 11   ———————————

🟢 reasoning: В текущей фазе требуется заполнить second_html. В последнем wait_for_navigation_or_content получен new_url (url_changed) — это и есть URL страницы после запуска поиска, его нужно записать в result.second_html.
🔵 target: Зафиксировать URL страницы результатов поиска в result.second_html
🟡 action: update_result
   🔶 args: {"field": "second_html", "value": "https://makitaclub.ru/?s=%D0%B4%D1%80%D0%B5%D0%BB%D1%8C&post_type=product"}

🛠️  update_result({'field': 'second_html', 'value': 'https://makitaclub.ru/?s=%D0%B4%D1%80%D0%B5%D0%BB%D1%8C&post_type=product'})
Инструмент вернул результат: {"status": "ok", "result": {"first_url": "https://makitaclub.ru/", "used_seletor_search_input": "form.woocommerce-product-search input#woocommerce-product-search-field-0", "used_seletor_search_button": null, "used_search_request": "дрель", "second_html": "https://makitaclub.ru/?s=%D0%B4%D1%80%D0%B5%D0%BB%D1%8C&post_type=product"}, "updated": 1}

———————————   Шаг 12   ———————————

🟢 reasoning: План main_plan помечен как completed, обязательные поля result (first_url, used_seletor_search_input, used_search_request, second_html) заполнены. Дополнительное поле used_seletor_search_button не требуется. Следовательно, задача выполнена.
🔵 target: Завершить задачу, так как все поля result уже заполнены и обе фазы main_plan закрыты
🟡 action: DONE


