
———————————   Шаг 1   ———————————

🟢 reasoning: Для выполнения текущей фазы нужно заполнить first_url. Самый надёжный источник — текущий URL вкладки Playwright.
🔵 target: Зафиксировать текущий URL стартовой страницы в result.first_url
🟡 action: get_current_url


🛠️  get_current_url({})
Инструмент вернул результат: {"status": "ok", "url": "https://makitaclub.ru/"}

———————————   Шаг 2   ———————————

🟢 reasoning: Для завершения текущей фазы требуется заполнить поле first_url. Текущий URL уже получен инструментом get_current_url, поэтому фиксирую его в result.
🔵 target: Записать текущий URL стартовой страницы в result.first_url
🟡 action: update_result
   🔶 args: {"field": "first_url", "value": "https://makitaclub.ru/"}

🛠️  update_result({'field': 'first_url', 'value': 'https://makitaclub.ru/'})
Инструмент вернул результат: {"status": "ok", "result": {"first_url": "https://makitaclub.ru/", "used_seletor_search_input": null, "used_seletor_search_button": null, "used_search_request": null, "second_html": null}, "updated": 1}

———————————   Шаг 3   ———————————

🟢 reasoning: Для завершения фазы 1 нужно определить рабочий селектор поля ввода поиска (used_seletor_search_input). Начинаю с первого селектора из списка и проверяю, что он находит input на странице и можем извлечь его атрибуты/текст.
🔵 target: Проверить, что первый селектор поля ввода поиска реально находит элемент на текущей странице
🟡 action: find_elements
   🔶 args: {"selector": "form.woocommerce-product-search input#woocommerce-product-search-field-0", "only_count": false, "max_results": 3}

🛠️  find_elements({'selector': 'form.woocommerce-product-search input#woocommerce-product-search-field-0', 'only_count': False, 'max_results': 3})
Инструмент вернул результат: {"status": "ok", "count": 1, "elements": [{"index": 0, "text": "", "html": "", "href": null, "attrs": {"type": "search", "id": "woocommerce-product-search-field-0", "class": "search-field", "placeholder": "Поиск по товарам…", "value": "", "name": "s", "style": ""}}]}

———————————   Шаг 4   ———————————

🟢 reasoning: Селектор поля поиска уже даёт count=1. Для завершения фазы нужно убедиться, что это действительно поле поиска на странице; для этого смотрю окружающий HTML-контекст через get_html_frame.
🔵 target: Получить HTML-фрейм вокруг найденного поля поиска, чтобы убедиться, что селектор указывает на реальный search input
🟡 action: get_html_frame_on_current_page
   🔶 args: {"selector": "form.woocommerce-product-search input#woocommerce-product-search-field-0", "max_frame_chars": 2000, "ancestor_levels": 4, "sibling_elems": 2}

🛠️  get_html_frame_on_current_page({'selector': 'form.woocommerce-product-search input#woocommerce-product-search-field-0', 'max_frame_chars': 2000, 'ancestor_levels': 4, 'sibling_elems': 2})
Инструмент вернул результат: "<!--TRIMMED_OUTSIDE_CONTAINER_BEFORE: 163 NODES--><div class=\"container align-items-center container d-flex justify-content-between\"><!--TRIMMED_BEFORE 3 NODES--><div class=\"site-search\"><div class=\"widget woocommerce widget_product_search\"><form role=\"search\" class=\"woocommerce-product-search\"><label class=\"screen-reader-text\">Искать:</label><!--TARGET_START--><input id=\"woocommerce-product-search-field-0\" class=\"search-field\"><!--TARGET_END--><button>Найти</button><input></form></div></div></div><!--TRIMMED_OUTSIDE_CONTAINER_AFTER: 1112 NODES-->"

———————————   Шаг 5   ———————————

